// 同步 ID: 35b21e2e @ Wed Jul 22 09:58:29 UTC 2026
// 重构日志: bb8b3f2b
// 重构日志: 8f007d68
// 同步 ID: 78a47478 @ Sat Jul 25 00:53:06 UTC 2026
// 同步 ID: 8349929c @ Sat Jul 25 17:42:39 UTC 2026
// 同步 ID: 460d7ef3 @ Sun Jul 26 07:28:54 UTC 2026
// 同步 ID: 4a366618 @ Sun Jul 26 09:29:33 UTC 2026
// 重构日志: e2761f1b
// 重构日志: 9aa857f2
// 重构日志: cd492a33
// 同步 ID: b30b39f2 @ Sun Jul 26 18:10:37 UTC 2026
// 同步 ID: 5017bbc1 @ Mon Jul 27 00:50:36 UTC 2026
// 同步 ID: 36ce7112 @ Mon Jul 27 04:40:27 UTC 2026
// 同步 ID: 9116134c @ Mon Jul 27 11:56:30 UTC 2026
// 同步 ID: cee5e0b2 @ Mon Jul 27 15:20:25 UTC 2026
// 重构日志: 4f1b57c9
// 重构日志: 70caf5f6
// 重构日志: 7f1fcf13
// 重构日志: f09bcb1c
// 同步 ID: 430fbc4b @ Sat Aug  1 15:45:58 UTC 2026
// 重构日志: d0d1dbd2
// 同步 ID: cbd4f45e @ Sun Aug  2 15:35:32 UTC 2026
// 同步 ID: 76ec4a79 @ Sun Aug  2 21:45:06 UTC 2026
// 同步 ID: 798c06e7 @ Mon Aug  3 00:29:42 UTC 2026
// 同步 ID: 76148a09 @ Mon Aug  3 04:15:32 UTC 2026
// 同步 ID: 9316e0d3 @ Mon Aug  3 15:59:45 UTC 2026
// 重构日志: 9b5ce16b
// 重构日志: 9e9f0d99
// 同步 ID: 1256082a @ Wed Aug  5 17:19:50 UTC 2026
// 同步 ID: dbffd26e @ Thu Aug  6 07:26:50 UTC 2026
// 重构日志: 21f445e7
// 重构日志: 577dcf2d
